// Jest Snapshot v1, https://goo.gl/fbAQLP

exports[`Filters work Filtered majors match snapshot 1`] = `Array []`;
